0 verbose cli C:\Program Files\nodejs\node.exe C:\Program Files\nodejs\node_modules\npm\bin\npm-cli.js
1 info using npm@10.9.2
2 info using node@v23.6.1
3 silly config load:file:C:\Program Files\nodejs\node_modules\npm\npmrc
4 silly config load:file:C:\dev\velocitymaid-nextjs\.npmrc
5 silly config load:file:C:\Users\18023\.npmrc
6 silly config load:file:C:\Users\18023\AppData\Roaming\npm\etc\npmrc
7 verbose title npm install @types/bcryptjs
8 verbose argv "install" "--save-dev" "@types/bcryptjs"
9 verbose logfile logs-max:10 dir:C:\dev\velocitymaid-nextjs\%AppData%\npm-cache\_logs\2026-01-07T12_21_32_491Z-
10 verbose logfile C:\dev\velocitymaid-nextjs\%AppData%\npm-cache\_logs\2026-01-07T12_21_32_491Z-debug-0.log
11 silly logfile start cleaning logs, removing 1 files
12 silly packumentCache heap:4345298944 maxSize:1086324736 maxEntrySize:543162368
13 silly logfile done cleaning log files
14 silly idealTree buildDeps
15 silly fetch manifest @types/bcryptjs@*
16 silly packumentCache full:https://registry.npmjs.org/@types%2fbcryptjs cache-miss
17 http fetch GET 200 https://registry.npmjs.org/@types%2fbcryptjs 587ms (cache miss)
18 silly packumentCache full:https://registry.npmjs.org/@types%2fbcryptjs set size:undefined disposed:false
19 silly placeDep ROOT @types/bcryptjs@2.4.6 OK for: velocitymaid-nextjs@1.0.0 want: *
20 silly reify moves {}
21 verbose reify failed optional dependency C:\dev\velocitymaid-nextjs\node_modules\fsevents
22 silly reify mark deleted [ 'C:\\dev\\velocitymaid-nextjs\\node_modules\\fsevents' ]
23 verbose reify failed optional dependency C:\dev\velocitymaid-nextjs\node_modules\@unrs\resolver-binding-win32-ia32-msvc
24 silly reify mark deleted [
24 silly reify   'C:\\dev\\velocitymaid-nextjs\\node_modules\\@unrs\\resolver-binding-win32-ia32-msvc'
24 silly reify ]
25 verbose reify failed optional dependency C:\dev\velocitymaid-nextjs\node_modules\@unrs\resolver-binding-win32-arm64-msvc
26 silly reify mark deleted [
26 silly reify   'C:\\dev\\velocitymaid-nextjs\\node_modules\\@unrs\\resolver-binding-win32-arm64-msvc'
26 silly reify ]
27 verbose reify failed optional dependency C:\dev\velocitymaid-nextjs\node_modules\@unrs\resolver-binding-wasm32-wasi
28 silly reify mark deleted [
28 silly reify   'C:\\dev\\velocitymaid-nextjs\\node_modules\\@unrs\\resolver-binding-wasm32-wasi'
28 silly reify ]
29 verbose reify failed optional dependency C:\dev\velocitymaid-nextjs\node_modules\@napi-rs\wasm-runtime
30 silly reify mark deleted [
30 silly reify   'C:\\dev\\velocitymaid-nextjs\\node_modules\\@napi-rs\\wasm-runtime'
30 silly reify ]
31 verbose reify failed optional dependency C:\dev\velocitymaid-nextjs\node_modules\@emnapi\core
32 silly reify mark deleted [ 'C:\\dev\\velocitymaid-nextjs\\node_modules\\@emnapi\\core' ]
33 verbose reify failed optional dependency C:\dev\velocitymaid-nextjs\node_modules\@emnapi\runtime
34 silly reify mark deleted [ 'C:\\dev\\velocitymaid-nextjs\\node_modules\\@emnapi\\runtime' ]
35 verbose reify failed optional dependency C:\dev\velocitymaid-nextjs\node_modules\@tybys\wasm-util
36 silly reify mark deleted [ 'C:\\dev\\velocitymaid-nextjs\\node_modules\\@tybys\\wasm-util' ]
37 verbose reify failed optional dependency C:\dev\velocitymaid-nextjs\node_modules\@emnapi\wasi-threads
38 silly reify mark deleted [ 'C:\\dev\\velocitymaid-nextjs\\node_modules\\@emnapi\\wasi-threads' ]
39 verbose reify failed optional dependency C:\dev\velocitymaid-nextjs\node_modules\@unrs\resolver-binding-linux-x64-musl
40 silly reify mark deleted [
40 silly reify   'C:\\dev\\velocitymaid-nextjs\\node_modules\\@unrs\\resolver-binding-linux-x64-musl'
40 silly reify ]
41 verbose reify failed optional dependency C:\dev\velocitymaid-nextjs\node_modules\@unrs\resolver-binding-linux-x64-gnu
42 silly reify mark deleted [
42 silly reify   'C:\\dev\\velocitymaid-nextjs\\node_modules\\@unrs\\resolver-binding-linux-x64-gnu'
42 silly reify ]
43 verbose reify failed optional dependency C:\dev\velocitymaid-nextjs\node_modules\@unrs\resolver-binding-linux-s390x-gnu
44 silly reify mark deleted [
44 silly reify   'C:\\dev\\velocitymaid-nextjs\\node_modules\\@unrs\\resolver-binding-linux-s390x-gnu'
44 silly reify ]
45 verbose reify failed optional dependency C:\dev\velocitymaid-nextjs\node_modules\@unrs\resolver-binding-linux-riscv64-musl
46 silly reify mark deleted [
46 silly reify   'C:\\dev\\velocitymaid-nextjs\\node_modules\\@unrs\\resolver-binding-linux-riscv64-musl'
46 silly reify ]
47 verbose reify failed optional dependency C:\dev\velocitymaid-nextjs\node_modules\@unrs\resolver-binding-linux-riscv64-gnu
48 silly reify mark deleted [
48 silly reify   'C:\\dev\\velocitymaid-nextjs\\node_modules\\@unrs\\resolver-binding-linux-riscv64-gnu'
48 silly reify ]
49 verbose reify failed optional dependency C:\dev\velocitymaid-nextjs\node_modules\@unrs\resolver-binding-linux-ppc64-gnu
50 silly reify mark deleted [
50 silly reify   'C:\\dev\\velocitymaid-nextjs\\node_modules\\@unrs\\resolver-binding-linux-ppc64-gnu'
50 silly reify ]
51 verbose reify failed optional dependency C:\dev\velocitymaid-nextjs\node_modules\@unrs\resolver-binding-linux-arm64-musl
52 silly reify mark deleted [
52 silly reify   'C:\\dev\\velocitymaid-nextjs\\node_modules\\@unrs\\resolver-binding-linux-arm64-musl'
52 silly reify ]
53 verbose reify failed optional dependency C:\dev\velocitymaid-nextjs\node_modules\@unrs\resolver-binding-linux-arm64-gnu
54 silly reify mark deleted [
54 silly reify   'C:\\dev\\velocitymaid-nextjs\\node_modules\\@unrs\\resolver-binding-linux-arm64-gnu'
54 silly reify ]
55 verbose reify failed optional dependency C:\dev\velocitymaid-nextjs\node_modules\@unrs\resolver-binding-linux-arm-musleabihf
56 silly reify mark deleted [
56 silly reify   'C:\\dev\\velocitymaid-nextjs\\node_modules\\@unrs\\resolver-binding-linux-arm-musleabihf'
56 silly reify ]
57 verbose reify failed optional dependency C:\dev\velocitymaid-nextjs\node_modules\@unrs\resolver-binding-linux-arm-gnueabihf
58 silly reify mark deleted [
58 silly reify   'C:\\dev\\velocitymaid-nextjs\\node_modules\\@unrs\\resolver-binding-linux-arm-gnueabihf'
58 silly reify ]
59 verbose reify failed optional dependency C:\dev\velocitymaid-nextjs\node_modules\@unrs\resolver-binding-freebsd-x64
60 silly reify mark deleted [
60 silly reify   'C:\\dev\\velocitymaid-nextjs\\node_modules\\@unrs\\resolver-binding-freebsd-x64'
60 silly reify ]
61 verbose reify failed optional dependency C:\dev\velocitymaid-nextjs\node_modules\@unrs\resolver-binding-darwin-x64
62 silly reify mark deleted [
62 silly reify   'C:\\dev\\velocitymaid-nextjs\\node_modules\\@unrs\\resolver-binding-darwin-x64'
62 silly reify ]
63 verbose reify failed optional dependency C:\dev\velocitymaid-nextjs\node_modules\@unrs\resolver-binding-darwin-arm64
64 silly reify mark deleted [
64 silly reify   'C:\\dev\\velocitymaid-nextjs\\node_modules\\@unrs\\resolver-binding-darwin-arm64'
64 silly reify ]
65 verbose reify failed optional dependency C:\dev\velocitymaid-nextjs\node_modules\@unrs\resolver-binding-android-arm64
66 silly reify mark deleted [
66 silly reify   'C:\\dev\\velocitymaid-nextjs\\node_modules\\@unrs\\resolver-binding-android-arm64'
66 silly reify ]
67 verbose reify failed optional dependency C:\dev\velocitymaid-nextjs\node_modules\@unrs\resolver-binding-android-arm-eabi
68 silly reify mark deleted [
68 silly reify   'C:\\dev\\velocitymaid-nextjs\\node_modules\\@unrs\\resolver-binding-android-arm-eabi'
68 silly reify ]
69 verbose reify failed optional dependency C:\dev\velocitymaid-nextjs\node_modules\@rollup\rollup-win32-ia32-msvc
70 silly reify mark deleted [
70 silly reify   'C:\\dev\\velocitymaid-nextjs\\node_modules\\@rollup\\rollup-win32-ia32-msvc'
70 silly reify ]
71 verbose reify failed optional dependency C:\dev\velocitymaid-nextjs\node_modules\@rollup\rollup-win32-arm64-msvc
72 silly reify mark deleted [
72 silly reify   'C:\\dev\\velocitymaid-nextjs\\node_modules\\@rollup\\rollup-win32-arm64-msvc'
72 silly reify ]
73 verbose reify failed optional dependency C:\dev\velocitymaid-nextjs\node_modules\@rollup\rollup-openharmony-arm64
74 silly reify mark deleted [
74 silly reify   'C:\\dev\\velocitymaid-nextjs\\node_modules\\@rollup\\rollup-openharmony-arm64'
74 silly reify ]
75 verbose reify failed optional dependency C:\dev\velocitymaid-nextjs\node_modules\@rollup\rollup-linux-x64-musl
76 silly reify mark deleted [
76 silly reify   'C:\\dev\\velocitymaid-nextjs\\node_modules\\@rollup\\rollup-linux-x64-musl'
76 silly reify ]
77 verbose reify failed optional dependency C:\dev\velocitymaid-nextjs\node_modules\@rollup\rollup-linux-x64-gnu
78 silly reify mark deleted [
78 silly reify   'C:\\dev\\velocitymaid-nextjs\\node_modules\\@rollup\\rollup-linux-x64-gnu'
78 silly reify ]
79 verbose reify failed optional dependency C:\dev\velocitymaid-nextjs\node_modules\@rollup\rollup-linux-s390x-gnu
80 silly reify mark deleted [
80 silly reify   'C:\\dev\\velocitymaid-nextjs\\node_modules\\@rollup\\rollup-linux-s390x-gnu'
80 silly reify ]
81 verbose reify failed optional dependency C:\dev\velocitymaid-nextjs\node_modules\@rollup\rollup-linux-riscv64-musl
82 silly reify mark deleted [
82 silly reify   'C:\\dev\\velocitymaid-nextjs\\node_modules\\@rollup\\rollup-linux-riscv64-musl'
82 silly reify ]
83 verbose reify failed optional dependency C:\dev\velocitymaid-nextjs\node_modules\@rollup\rollup-linux-riscv64-gnu
84 silly reify mark deleted [
84 silly reify   'C:\\dev\\velocitymaid-nextjs\\node_modules\\@rollup\\rollup-linux-riscv64-gnu'
84 silly reify ]
85 verbose reify failed optional dependency C:\dev\velocitymaid-nextjs\node_modules\@rollup\rollup-linux-ppc64-gnu
86 silly reify mark deleted [
86 silly reify   'C:\\dev\\velocitymaid-nextjs\\node_modules\\@rollup\\rollup-linux-ppc64-gnu'
86 silly reify ]
87 verbose reify failed optional dependency C:\dev\velocitymaid-nextjs\node_modules\@rollup\rollup-linux-loong64-gnu
88 silly reify mark deleted [
88 silly reify   'C:\\dev\\velocitymaid-nextjs\\node_modules\\@rollup\\rollup-linux-loong64-gnu'
88 silly reify ]
89 verbose reify failed optional dependency C:\dev\velocitymaid-nextjs\node_modules\@rollup\rollup-linux-arm64-musl
90 silly reify mark deleted [
90 silly reify   'C:\\dev\\velocitymaid-nextjs\\node_modules\\@rollup\\rollup-linux-arm64-musl'
90 silly reify ]
91 verbose reify failed optional dependency C:\dev\velocitymaid-nextjs\node_modules\@rollup\rollup-linux-arm64-gnu
92 silly reify mark deleted [
92 silly reify   'C:\\dev\\velocitymaid-nextjs\\node_modules\\@rollup\\rollup-linux-arm64-gnu'
92 silly reify ]
93 verbose reify failed optional dependency C:\dev\velocitymaid-nextjs\node_modules\@rollup\rollup-linux-arm-musleabihf
94 silly reify mark deleted [
94 silly reify   'C:\\dev\\velocitymaid-nextjs\\node_modules\\@rollup\\rollup-linux-arm-musleabihf'
94 silly reify ]
95 verbose reify failed optional dependency C:\dev\velocitymaid-nextjs\node_modules\@rollup\rollup-linux-arm-gnueabihf
96 silly reify mark deleted [
96 silly reify   'C:\\dev\\velocitymaid-nextjs\\node_modules\\@rollup\\rollup-linux-arm-gnueabihf'
96 silly reify ]
97 verbose reify failed optional dependency C:\dev\velocitymaid-nextjs\node_modules\@rollup\rollup-freebsd-x64
98 silly reify mark deleted [
98 silly reify   'C:\\dev\\velocitymaid-nextjs\\node_modules\\@rollup\\rollup-freebsd-x64'
98 silly reify ]
99 verbose reify failed optional dependency C:\dev\velocitymaid-nextjs\node_modules\@rollup\rollup-freebsd-arm64
100 silly reify mark deleted [
100 silly reify   'C:\\dev\\velocitymaid-nextjs\\node_modules\\@rollup\\rollup-freebsd-arm64'
100 silly reify ]
101 verbose reify failed optional dependency C:\dev\velocitymaid-nextjs\node_modules\@rollup\rollup-darwin-x64
102 silly reify mark deleted [
102 silly reify   'C:\\dev\\velocitymaid-nextjs\\node_modules\\@rollup\\rollup-darwin-x64'
102 silly reify ]
103 verbose reify failed optional dependency C:\dev\velocitymaid-nextjs\node_modules\@rollup\rollup-darwin-arm64
104 silly reify mark deleted [
104 silly reify   'C:\\dev\\velocitymaid-nextjs\\node_modules\\@rollup\\rollup-darwin-arm64'
104 silly reify ]
105 verbose reify failed optional dependency C:\dev\velocitymaid-nextjs\node_modules\@rollup\rollup-android-arm64
106 silly reify mark deleted [
106 silly reify   'C:\\dev\\velocitymaid-nextjs\\node_modules\\@rollup\\rollup-android-arm64'
106 silly reify ]
107 verbose reify failed optional dependency C:\dev\velocitymaid-nextjs\node_modules\@rollup\rollup-android-arm-eabi
108 silly reify mark deleted [
108 silly reify   'C:\\dev\\velocitymaid-nextjs\\node_modules\\@rollup\\rollup-android-arm-eabi'
108 silly reify ]
109 verbose reify failed optional dependency C:\dev\velocitymaid-nextjs\node_modules\@next\swc-win32-ia32-msvc
110 silly reify mark deleted [
110 silly reify   'C:\\dev\\velocitymaid-nextjs\\node_modules\\@next\\swc-win32-ia32-msvc'
110 silly reify ]
111 verbose reify failed optional dependency C:\dev\velocitymaid-nextjs\node_modules\@next\swc-win32-arm64-msvc
112 silly reify mark deleted [
112 silly reify   'C:\\dev\\velocitymaid-nextjs\\node_modules\\@next\\swc-win32-arm64-msvc'
112 silly reify ]
113 verbose reify failed optional dependency C:\dev\velocitymaid-nextjs\node_modules\@next\swc-linux-x64-musl
114 silly reify mark deleted [
114 silly reify   'C:\\dev\\velocitymaid-nextjs\\node_modules\\@next\\swc-linux-x64-musl'
114 silly reify ]
115 verbose reify failed optional dependency C:\dev\velocitymaid-nextjs\node_modules\@next\swc-linux-x64-gnu
116 silly reify mark deleted [
116 silly reify   'C:\\dev\\velocitymaid-nextjs\\node_modules\\@next\\swc-linux-x64-gnu'
116 silly reify ]
117 verbose reify failed optional dependency C:\dev\velocitymaid-nextjs\node_modules\@next\swc-linux-arm64-musl
118 silly reify mark deleted [
118 silly reify   'C:\\dev\\velocitymaid-nextjs\\node_modules\\@next\\swc-linux-arm64-musl'
118 silly reify ]
119 verbose reify failed optional dependency C:\dev\velocitymaid-nextjs\node_modules\@next\swc-linux-arm64-gnu
120 silly reify mark deleted [
120 silly reify   'C:\\dev\\velocitymaid-nextjs\\node_modules\\@next\\swc-linux-arm64-gnu'
120 silly reify ]
121 verbose reify failed optional dependency C:\dev\velocitymaid-nextjs\node_modules\@next\swc-darwin-x64
122 silly reify mark deleted [ 'C:\\dev\\velocitymaid-nextjs\\node_modules\\@next\\swc-darwin-x64' ]
123 verbose reify failed optional dependency C:\dev\velocitymaid-nextjs\node_modules\@next\swc-darwin-arm64
124 silly reify mark deleted [
124 silly reify   'C:\\dev\\velocitymaid-nextjs\\node_modules\\@next\\swc-darwin-arm64'
124 silly reify ]
125 verbose reify failed optional dependency C:\dev\velocitymaid-nextjs\node_modules\@esbuild\win32-ia32
126 silly reify mark deleted [ 'C:\\dev\\velocitymaid-nextjs\\node_modules\\@esbuild\\win32-ia32' ]
127 verbose reify failed optional dependency C:\dev\velocitymaid-nextjs\node_modules\@esbuild\win32-arm64
128 silly reify mark deleted [ 'C:\\dev\\velocitymaid-nextjs\\node_modules\\@esbuild\\win32-arm64' ]
129 verbose reify failed optional dependency C:\dev\velocitymaid-nextjs\node_modules\@esbuild\sunos-x64
130 silly reify mark deleted [ 'C:\\dev\\velocitymaid-nextjs\\node_modules\\@esbuild\\sunos-x64' ]
131 verbose reify failed optional dependency C:\dev\velocitymaid-nextjs\node_modules\@esbuild\openharmony-arm64
132 silly reify mark deleted [
132 silly reify   'C:\\dev\\velocitymaid-nextjs\\node_modules\\@esbuild\\openharmony-arm64'
132 silly reify ]
133 verbose reify failed optional dependency C:\dev\velocitymaid-nextjs\node_modules\@esbuild\openbsd-x64
134 silly reify mark deleted [ 'C:\\dev\\velocitymaid-nextjs\\node_modules\\@esbuild\\openbsd-x64' ]
135 verbose reify failed optional dependency C:\dev\velocitymaid-nextjs\node_modules\@esbuild\openbsd-arm64
136 silly reify mark deleted [
136 silly reify   'C:\\dev\\velocitymaid-nextjs\\node_modules\\@esbuild\\openbsd-arm64'
136 silly reify ]
137 verbose reify failed optional dependency C:\dev\velocitymaid-nextjs\node_modules\@esbuild\netbsd-x64
138 silly reify mark deleted [ 'C:\\dev\\velocitymaid-nextjs\\node_modules\\@esbuild\\netbsd-x64' ]
139 verbose reify failed optional dependency C:\dev\velocitymaid-nextjs\node_modules\@esbuild\netbsd-arm64
140 silly reify mark deleted [
140 silly reify   'C:\\dev\\velocitymaid-nextjs\\node_modules\\@esbuild\\netbsd-arm64'
140 silly reify ]
141 verbose reify failed optional dependency C:\dev\velocitymaid-nextjs\node_modules\@esbuild\linux-x64
142 silly reify mark deleted [ 'C:\\dev\\velocitymaid-nextjs\\node_modules\\@esbuild\\linux-x64' ]
143 verbose reify failed optional dependency C:\dev\velocitymaid-nextjs\node_modules\@esbuild\linux-s390x
144 silly reify mark deleted [ 'C:\\dev\\velocitymaid-nextjs\\node_modules\\@esbuild\\linux-s390x' ]
145 verbose reify failed optional dependency C:\dev\velocitymaid-nextjs\node_modules\@esbuild\linux-riscv64
146 silly reify mark deleted [
146 silly reify   'C:\\dev\\velocitymaid-nextjs\\node_modules\\@esbuild\\linux-riscv64'
146 silly reify ]
147 verbose reify failed optional dependency C:\dev\velocitymaid-nextjs\node_modules\@esbuild\linux-ppc64
148 silly reify mark deleted [ 'C:\\dev\\velocitymaid-nextjs\\node_modules\\@esbuild\\linux-ppc64' ]
149 verbose reify failed optional dependency C:\dev\velocitymaid-nextjs\node_modules\@esbuild\linux-mips64el
150 silly reify mark deleted [
150 silly reify   'C:\\dev\\velocitymaid-nextjs\\node_modules\\@esbuild\\linux-mips64el'
150 silly reify ]
151 verbose reify failed optional dependency C:\dev\velocitymaid-nextjs\node_modules\@esbuild\linux-loong64
152 silly reify mark deleted [
152 silly reify   'C:\\dev\\velocitymaid-nextjs\\node_modules\\@esbuild\\linux-loong64'
152 silly reify ]
153 verbose reify failed optional dependency C:\dev\velocitymaid-nextjs\node_modules\@esbuild\linux-ia32
154 silly reify mark deleted [ 'C:\\dev\\velocitymaid-nextjs\\node_modules\\@esbuild\\linux-ia32' ]
155 verbose reify failed optional dependency C:\dev\velocitymaid-nextjs\node_modules\@esbuild\linux-arm64
156 silly reify mark deleted [ 'C:\\dev\\velocitymaid-nextjs\\node_modules\\@esbuild\\linux-arm64' ]
157 verbose reify failed optional dependency C:\dev\velocitymaid-nextjs\node_modules\@esbuild\linux-arm
158 silly reify mark deleted [ 'C:\\dev\\velocitymaid-nextjs\\node_modules\\@esbuild\\linux-arm' ]
159 verbose reify failed optional dependency C:\dev\velocitymaid-nextjs\node_modules\@esbuild\freebsd-x64
160 silly reify mark deleted [ 'C:\\dev\\velocitymaid-nextjs\\node_modules\\@esbuild\\freebsd-x64' ]
161 verbose reify failed optional dependency C:\dev\velocitymaid-nextjs\node_modules\@esbuild\freebsd-arm64
162 silly reify mark deleted [
162 silly reify   'C:\\dev\\velocitymaid-nextjs\\node_modules\\@esbuild\\freebsd-arm64'
162 silly reify ]
163 verbose reify failed optional dependency C:\dev\velocitymaid-nextjs\node_modules\@esbuild\darwin-x64
164 silly reify mark deleted [ 'C:\\dev\\velocitymaid-nextjs\\node_modules\\@esbuild\\darwin-x64' ]
165 verbose reify failed optional dependency C:\dev\velocitymaid-nextjs\node_modules\@esbuild\darwin-arm64
166 silly reify mark deleted [
166 silly reify   'C:\\dev\\velocitymaid-nextjs\\node_modules\\@esbuild\\darwin-arm64'
166 silly reify ]
167 verbose reify failed optional dependency C:\dev\velocitymaid-nextjs\node_modules\@esbuild\android-x64
168 silly reify mark deleted [ 'C:\\dev\\velocitymaid-nextjs\\node_modules\\@esbuild\\android-x64' ]
169 verbose reify failed optional dependency C:\dev\velocitymaid-nextjs\node_modules\@esbuild\android-arm64
170 silly reify mark deleted [
170 silly reify   'C:\\dev\\velocitymaid-nextjs\\node_modules\\@esbuild\\android-arm64'
170 silly reify ]
171 verbose reify failed optional dependency C:\dev\velocitymaid-nextjs\node_modules\@esbuild\android-arm
172 silly reify mark deleted [ 'C:\\dev\\velocitymaid-nextjs\\node_modules\\@esbuild\\android-arm' ]
173 verbose reify failed optional dependency C:\dev\velocitymaid-nextjs\node_modules\@esbuild\aix-ppc64
174 silly reify mark deleted [ 'C:\\dev\\velocitymaid-nextjs\\node_modules\\@esbuild\\aix-ppc64' ]
175 http cache @types/bcryptjs@https://registry.npmjs.org/@types/bcryptjs/-/bcryptjs-2.4.6.tgz 1ms (cache hit)
176 http cache @tybys/wasm-util@https://registry.npmjs.org/@tybys/wasm-util/-/wasm-util-0.10.1.tgz 0ms (cache hit)
177 http cache @napi-rs/wasm-runtime@https://registry.npmjs.org/@napi-rs/wasm-runtime/-/wasm-runtime-0.2.12.tgz 0ms (cache hit)
178 http cache @emnapi/wasi-threads@https://registry.npmjs.org/@emnapi/wasi-threads/-/wasi-threads-1.1.0.tgz 0ms (cache hit)
179 http cache @emnapi/core@https://registry.npmjs.org/@emnapi/core/-/core-1.7.1.tgz 0ms (cache hit)
180 silly tarball no local data for @types/bcryptjs@https://registry.npmjs.org/@types/bcryptjs/-/bcryptjs-2.4.6.tgz. Extracting by manifest.
181 http cache @emnapi/runtime@https://registry.npmjs.org/@emnapi/runtime/-/runtime-1.7.1.tgz 0ms (cache hit)
182 http fetch GET 200 https://registry.npmjs.org/@types/bcryptjs/-/bcryptjs-2.4.6.tgz 692ms (cache miss)
183 silly ADD node_modules/@types/bcryptjs
184 silly ADD
185 silly ADD
186 silly ADD
187 silly ADD
188 silly ADD
189 silly ADD
190 silly ADD
191 silly ADD
192 silly ADD
193 silly ADD
194 silly ADD
195 silly ADD
196 silly ADD
197 silly ADD
198 silly ADD
199 silly ADD
200 silly ADD
201 silly ADD
202 silly ADD
203 silly ADD
204 silly ADD
205 silly ADD
206 silly ADD
207 silly ADD
208 silly ADD
209 silly ADD
210 silly ADD
211 silly ADD
212 silly ADD
213 silly ADD
214 silly ADD
215 silly ADD
216 silly ADD
217 silly ADD
218 silly ADD
219 silly ADD
220 silly ADD
221 silly ADD
222 silly ADD
223 silly ADD
224 silly ADD
225 silly ADD
226 silly ADD
227 silly ADD
228 silly ADD
229 silly ADD
230 silly ADD
231 silly ADD
232 silly ADD
233 silly ADD
234 silly ADD
235 silly ADD
236 silly ADD
237 silly ADD
238 silly ADD
239 silly ADD
240 silly ADD
241 silly ADD
242 silly ADD
243 silly ADD
244 silly ADD
245 silly ADD
246 silly ADD
247 silly ADD
248 silly ADD
249 silly ADD
250 silly ADD
251 silly ADD
252 silly ADD
253 silly ADD
254 silly ADD
255 silly ADD
256 silly ADD
257 silly ADD
258 silly ADD
259 silly ADD
260 silly ADD
261 verbose cwd C:\dev\velocitymaid-nextjs
262 verbose os Windows_NT 10.0.26200
263 verbose node v23.6.1
264 verbose npm  v10.9.2
265 verbose exit 0
266 info ok
