0 verbose cli C:\Program Files\nodejs\node.exe C:\Program Files\nodejs\node_modules\npm\bin\npm-cli.js
1 info using npm@10.9.2
2 info using node@v23.6.1
3 silly config load:file:C:\Program Files\nodejs\node_modules\npm\npmrc
4 silly config load:file:C:\dev\velocitymaid-nextjs\.npmrc
5 silly config load:file:C:\Users\18023\.npmrc
6 silly config load:file:C:\Users\18023\AppData\Roaming\npm\etc\npmrc
7 verbose title npm install bcryptjs
8 verbose argv "install" "bcryptjs"
9 verbose logfile logs-max:10 dir:C:\dev\velocitymaid-nextjs\%AppData%\npm-cache\_logs\2026-01-07T12_21_28_642Z-
10 verbose logfile C:\dev\velocitymaid-nextjs\%AppData%\npm-cache\_logs\2026-01-07T12_21_28_642Z-debug-0.log
11 silly logfile start cleaning logs, removing 1 files
12 silly packumentCache heap:4345298944 maxSize:1086324736 maxEntrySize:543162368
13 silly logfile done cleaning log files
14 silly idealTree buildDeps
15 silly fetch manifest bcryptjs@*
16 silly packumentCache full:https://registry.npmjs.org/bcryptjs cache-miss
17 verbose shrinkwrap failed to load node_modules/.package-lock.json out of date, updated: node_modules
18 http fetch GET 200 https://registry.npmjs.org/bcryptjs 442ms (cache miss)
19 silly packumentCache full:https://registry.npmjs.org/bcryptjs set size:undefined disposed:false
20 silly placeDep ROOT bcryptjs@3.0.3 OK for: velocitymaid-nextjs@1.0.0 want: *
21 silly reify moves {}
22 verbose reify failed optional dependency C:\dev\velocitymaid-nextjs\node_modules\fsevents
23 silly reify mark deleted [ 'C:\\dev\\velocitymaid-nextjs\\node_modules\\fsevents' ]
24 verbose reify failed optional dependency C:\dev\velocitymaid-nextjs\node_modules\@unrs\resolver-binding-win32-ia32-msvc
25 silly reify mark deleted [
25 silly reify   'C:\\dev\\velocitymaid-nextjs\\node_modules\\@unrs\\resolver-binding-win32-ia32-msvc'
25 silly reify ]
26 verbose reify failed optional dependency C:\dev\velocitymaid-nextjs\node_modules\@unrs\resolver-binding-win32-arm64-msvc
27 silly reify mark deleted [
27 silly reify   'C:\\dev\\velocitymaid-nextjs\\node_modules\\@unrs\\resolver-binding-win32-arm64-msvc'
27 silly reify ]
28 verbose reify failed optional dependency C:\dev\velocitymaid-nextjs\node_modules\@unrs\resolver-binding-wasm32-wasi
29 silly reify mark deleted [
29 silly reify   'C:\\dev\\velocitymaid-nextjs\\node_modules\\@unrs\\resolver-binding-wasm32-wasi'
29 silly reify ]
30 verbose reify failed optional dependency C:\dev\velocitymaid-nextjs\node_modules\@napi-rs\wasm-runtime
31 silly reify mark deleted [
31 silly reify   'C:\\dev\\velocitymaid-nextjs\\node_modules\\@napi-rs\\wasm-runtime'
31 silly reify ]
32 verbose reify failed optional dependency C:\dev\velocitymaid-nextjs\node_modules\@emnapi\core
33 silly reify mark deleted [ 'C:\\dev\\velocitymaid-nextjs\\node_modules\\@emnapi\\core' ]
34 verbose reify failed optional dependency C:\dev\velocitymaid-nextjs\node_modules\@emnapi\runtime
35 silly reify mark deleted [ 'C:\\dev\\velocitymaid-nextjs\\node_modules\\@emnapi\\runtime' ]
36 verbose reify failed optional dependency C:\dev\velocitymaid-nextjs\node_modules\@tybys\wasm-util
37 silly reify mark deleted [ 'C:\\dev\\velocitymaid-nextjs\\node_modules\\@tybys\\wasm-util' ]
38 verbose reify failed optional dependency C:\dev\velocitymaid-nextjs\node_modules\@emnapi\wasi-threads
39 silly reify mark deleted [ 'C:\\dev\\velocitymaid-nextjs\\node_modules\\@emnapi\\wasi-threads' ]
40 verbose reify failed optional dependency C:\dev\velocitymaid-nextjs\node_modules\@unrs\resolver-binding-linux-x64-musl
41 silly reify mark deleted [
41 silly reify   'C:\\dev\\velocitymaid-nextjs\\node_modules\\@unrs\\resolver-binding-linux-x64-musl'
41 silly reify ]
42 verbose reify failed optional dependency C:\dev\velocitymaid-nextjs\node_modules\@unrs\resolver-binding-linux-x64-gnu
43 silly reify mark deleted [
43 silly reify   'C:\\dev\\velocitymaid-nextjs\\node_modules\\@unrs\\resolver-binding-linux-x64-gnu'
43 silly reify ]
44 verbose reify failed optional dependency C:\dev\velocitymaid-nextjs\node_modules\@unrs\resolver-binding-linux-s390x-gnu
45 silly reify mark deleted [
45 silly reify   'C:\\dev\\velocitymaid-nextjs\\node_modules\\@unrs\\resolver-binding-linux-s390x-gnu'
45 silly reify ]
46 verbose reify failed optional dependency C:\dev\velocitymaid-nextjs\node_modules\@unrs\resolver-binding-linux-riscv64-musl
47 silly reify mark deleted [
47 silly reify   'C:\\dev\\velocitymaid-nextjs\\node_modules\\@unrs\\resolver-binding-linux-riscv64-musl'
47 silly reify ]
48 verbose reify failed optional dependency C:\dev\velocitymaid-nextjs\node_modules\@unrs\resolver-binding-linux-riscv64-gnu
49 silly reify mark deleted [
49 silly reify   'C:\\dev\\velocitymaid-nextjs\\node_modules\\@unrs\\resolver-binding-linux-riscv64-gnu'
49 silly reify ]
50 verbose reify failed optional dependency C:\dev\velocitymaid-nextjs\node_modules\@unrs\resolver-binding-linux-ppc64-gnu
51 silly reify mark deleted [
51 silly reify   'C:\\dev\\velocitymaid-nextjs\\node_modules\\@unrs\\resolver-binding-linux-ppc64-gnu'
51 silly reify ]
52 verbose reify failed optional dependency C:\dev\velocitymaid-nextjs\node_modules\@unrs\resolver-binding-linux-arm64-musl
53 silly reify mark deleted [
53 silly reify   'C:\\dev\\velocitymaid-nextjs\\node_modules\\@unrs\\resolver-binding-linux-arm64-musl'
53 silly reify ]
54 verbose reify failed optional dependency C:\dev\velocitymaid-nextjs\node_modules\@unrs\resolver-binding-linux-arm64-gnu
55 silly reify mark deleted [
55 silly reify   'C:\\dev\\velocitymaid-nextjs\\node_modules\\@unrs\\resolver-binding-linux-arm64-gnu'
55 silly reify ]
56 verbose reify failed optional dependency C:\dev\velocitymaid-nextjs\node_modules\@unrs\resolver-binding-linux-arm-musleabihf
57 silly reify mark deleted [
57 silly reify   'C:\\dev\\velocitymaid-nextjs\\node_modules\\@unrs\\resolver-binding-linux-arm-musleabihf'
57 silly reify ]
58 verbose reify failed optional dependency C:\dev\velocitymaid-nextjs\node_modules\@unrs\resolver-binding-linux-arm-gnueabihf
59 silly reify mark deleted [
59 silly reify   'C:\\dev\\velocitymaid-nextjs\\node_modules\\@unrs\\resolver-binding-linux-arm-gnueabihf'
59 silly reify ]
60 verbose reify failed optional dependency C:\dev\velocitymaid-nextjs\node_modules\@unrs\resolver-binding-freebsd-x64
61 silly reify mark deleted [
61 silly reify   'C:\\dev\\velocitymaid-nextjs\\node_modules\\@unrs\\resolver-binding-freebsd-x64'
61 silly reify ]
62 verbose reify failed optional dependency C:\dev\velocitymaid-nextjs\node_modules\@unrs\resolver-binding-darwin-x64
63 silly reify mark deleted [
63 silly reify   'C:\\dev\\velocitymaid-nextjs\\node_modules\\@unrs\\resolver-binding-darwin-x64'
63 silly reify ]
64 verbose reify failed optional dependency C:\dev\velocitymaid-nextjs\node_modules\@unrs\resolver-binding-darwin-arm64
65 silly reify mark deleted [
65 silly reify   'C:\\dev\\velocitymaid-nextjs\\node_modules\\@unrs\\resolver-binding-darwin-arm64'
65 silly reify ]
66 verbose reify failed optional dependency C:\dev\velocitymaid-nextjs\node_modules\@unrs\resolver-binding-android-arm64
67 silly reify mark deleted [
67 silly reify   'C:\\dev\\velocitymaid-nextjs\\node_modules\\@unrs\\resolver-binding-android-arm64'
67 silly reify ]
68 verbose reify failed optional dependency C:\dev\velocitymaid-nextjs\node_modules\@unrs\resolver-binding-android-arm-eabi
69 silly reify mark deleted [
69 silly reify   'C:\\dev\\velocitymaid-nextjs\\node_modules\\@unrs\\resolver-binding-android-arm-eabi'
69 silly reify ]
70 verbose reify failed optional dependency C:\dev\velocitymaid-nextjs\node_modules\@rollup\rollup-win32-ia32-msvc
71 silly reify mark deleted [
71 silly reify   'C:\\dev\\velocitymaid-nextjs\\node_modules\\@rollup\\rollup-win32-ia32-msvc'
71 silly reify ]
72 verbose reify failed optional dependency C:\dev\velocitymaid-nextjs\node_modules\@rollup\rollup-win32-arm64-msvc
73 silly reify mark deleted [
73 silly reify   'C:\\dev\\velocitymaid-nextjs\\node_modules\\@rollup\\rollup-win32-arm64-msvc'
73 silly reify ]
74 verbose reify failed optional dependency C:\dev\velocitymaid-nextjs\node_modules\@rollup\rollup-openharmony-arm64
75 silly reify mark deleted [
75 silly reify   'C:\\dev\\velocitymaid-nextjs\\node_modules\\@rollup\\rollup-openharmony-arm64'
75 silly reify ]
76 verbose reify failed optional dependency C:\dev\velocitymaid-nextjs\node_modules\@rollup\rollup-linux-x64-musl
77 silly reify mark deleted [
77 silly reify   'C:\\dev\\velocitymaid-nextjs\\node_modules\\@rollup\\rollup-linux-x64-musl'
77 silly reify ]
78 verbose reify failed optional dependency C:\dev\velocitymaid-nextjs\node_modules\@rollup\rollup-linux-x64-gnu
79 silly reify mark deleted [
79 silly reify   'C:\\dev\\velocitymaid-nextjs\\node_modules\\@rollup\\rollup-linux-x64-gnu'
79 silly reify ]
80 verbose reify failed optional dependency C:\dev\velocitymaid-nextjs\node_modules\@rollup\rollup-linux-s390x-gnu
81 silly reify mark deleted [
81 silly reify   'C:\\dev\\velocitymaid-nextjs\\node_modules\\@rollup\\rollup-linux-s390x-gnu'
81 silly reify ]
82 verbose reify failed optional dependency C:\dev\velocitymaid-nextjs\node_modules\@rollup\rollup-linux-riscv64-musl
83 silly reify mark deleted [
83 silly reify   'C:\\dev\\velocitymaid-nextjs\\node_modules\\@rollup\\rollup-linux-riscv64-musl'
83 silly reify ]
84 verbose reify failed optional dependency C:\dev\velocitymaid-nextjs\node_modules\@rollup\rollup-linux-riscv64-gnu
85 silly reify mark deleted [
85 silly reify   'C:\\dev\\velocitymaid-nextjs\\node_modules\\@rollup\\rollup-linux-riscv64-gnu'
85 silly reify ]
86 verbose reify failed optional dependency C:\dev\velocitymaid-nextjs\node_modules\@rollup\rollup-linux-ppc64-gnu
87 silly reify mark deleted [
87 silly reify   'C:\\dev\\velocitymaid-nextjs\\node_modules\\@rollup\\rollup-linux-ppc64-gnu'
87 silly reify ]
88 verbose reify failed optional dependency C:\dev\velocitymaid-nextjs\node_modules\@rollup\rollup-linux-loong64-gnu
89 silly reify mark deleted [
89 silly reify   'C:\\dev\\velocitymaid-nextjs\\node_modules\\@rollup\\rollup-linux-loong64-gnu'
89 silly reify ]
90 verbose reify failed optional dependency C:\dev\velocitymaid-nextjs\node_modules\@rollup\rollup-linux-arm64-musl
91 silly reify mark deleted [
91 silly reify   'C:\\dev\\velocitymaid-nextjs\\node_modules\\@rollup\\rollup-linux-arm64-musl'
91 silly reify ]
92 verbose reify failed optional dependency C:\dev\velocitymaid-nextjs\node_modules\@rollup\rollup-linux-arm64-gnu
93 silly reify mark deleted [
93 silly reify   'C:\\dev\\velocitymaid-nextjs\\node_modules\\@rollup\\rollup-linux-arm64-gnu'
93 silly reify ]
94 verbose reify failed optional dependency C:\dev\velocitymaid-nextjs\node_modules\@rollup\rollup-linux-arm-musleabihf
95 silly reify mark deleted [
95 silly reify   'C:\\dev\\velocitymaid-nextjs\\node_modules\\@rollup\\rollup-linux-arm-musleabihf'
95 silly reify ]
96 verbose reify failed optional dependency C:\dev\velocitymaid-nextjs\node_modules\@rollup\rollup-linux-arm-gnueabihf
97 silly reify mark deleted [
97 silly reify   'C:\\dev\\velocitymaid-nextjs\\node_modules\\@rollup\\rollup-linux-arm-gnueabihf'
97 silly reify ]
98 verbose reify failed optional dependency C:\dev\velocitymaid-nextjs\node_modules\@rollup\rollup-freebsd-x64
99 silly reify mark deleted [
99 silly reify   'C:\\dev\\velocitymaid-nextjs\\node_modules\\@rollup\\rollup-freebsd-x64'
99 silly reify ]
100 verbose reify failed optional dependency C:\dev\velocitymaid-nextjs\node_modules\@rollup\rollup-freebsd-arm64
101 silly reify mark deleted [
101 silly reify   'C:\\dev\\velocitymaid-nextjs\\node_modules\\@rollup\\rollup-freebsd-arm64'
101 silly reify ]
102 verbose reify failed optional dependency C:\dev\velocitymaid-nextjs\node_modules\@rollup\rollup-darwin-x64
103 silly reify mark deleted [
103 silly reify   'C:\\dev\\velocitymaid-nextjs\\node_modules\\@rollup\\rollup-darwin-x64'
103 silly reify ]
104 verbose reify failed optional dependency C:\dev\velocitymaid-nextjs\node_modules\@rollup\rollup-darwin-arm64
105 silly reify mark deleted [
105 silly reify   'C:\\dev\\velocitymaid-nextjs\\node_modules\\@rollup\\rollup-darwin-arm64'
105 silly reify ]
106 verbose reify failed optional dependency C:\dev\velocitymaid-nextjs\node_modules\@rollup\rollup-android-arm64
107 silly reify mark deleted [
107 silly reify   'C:\\dev\\velocitymaid-nextjs\\node_modules\\@rollup\\rollup-android-arm64'
107 silly reify ]
108 verbose reify failed optional dependency C:\dev\velocitymaid-nextjs\node_modules\@rollup\rollup-android-arm-eabi
109 silly reify mark deleted [
109 silly reify   'C:\\dev\\velocitymaid-nextjs\\node_modules\\@rollup\\rollup-android-arm-eabi'
109 silly reify ]
110 verbose reify failed optional dependency C:\dev\velocitymaid-nextjs\node_modules\@next\swc-win32-ia32-msvc
111 silly reify mark deleted [
111 silly reify   'C:\\dev\\velocitymaid-nextjs\\node_modules\\@next\\swc-win32-ia32-msvc'
111 silly reify ]
112 verbose reify failed optional dependency C:\dev\velocitymaid-nextjs\node_modules\@next\swc-win32-arm64-msvc
113 silly reify mark deleted [
113 silly reify   'C:\\dev\\velocitymaid-nextjs\\node_modules\\@next\\swc-win32-arm64-msvc'
113 silly reify ]
114 verbose reify failed optional dependency C:\dev\velocitymaid-nextjs\node_modules\@next\swc-linux-x64-musl
115 silly reify mark deleted [
115 silly reify   'C:\\dev\\velocitymaid-nextjs\\node_modules\\@next\\swc-linux-x64-musl'
115 silly reify ]
116 verbose reify failed optional dependency C:\dev\velocitymaid-nextjs\node_modules\@next\swc-linux-x64-gnu
117 silly reify mark deleted [
117 silly reify   'C:\\dev\\velocitymaid-nextjs\\node_modules\\@next\\swc-linux-x64-gnu'
117 silly reify ]
118 verbose reify failed optional dependency C:\dev\velocitymaid-nextjs\node_modules\@next\swc-linux-arm64-musl
119 silly reify mark deleted [
119 silly reify   'C:\\dev\\velocitymaid-nextjs\\node_modules\\@next\\swc-linux-arm64-musl'
119 silly reify ]
120 verbose reify failed optional dependency C:\dev\velocitymaid-nextjs\node_modules\@next\swc-linux-arm64-gnu
121 silly reify mark deleted [
121 silly reify   'C:\\dev\\velocitymaid-nextjs\\node_modules\\@next\\swc-linux-arm64-gnu'
121 silly reify ]
122 verbose reify failed optional dependency C:\dev\velocitymaid-nextjs\node_modules\@next\swc-darwin-x64
123 silly reify mark deleted [ 'C:\\dev\\velocitymaid-nextjs\\node_modules\\@next\\swc-darwin-x64' ]
124 verbose reify failed optional dependency C:\dev\velocitymaid-nextjs\node_modules\@next\swc-darwin-arm64
125 silly reify mark deleted [
125 silly reify   'C:\\dev\\velocitymaid-nextjs\\node_modules\\@next\\swc-darwin-arm64'
125 silly reify ]
126 verbose reify failed optional dependency C:\dev\velocitymaid-nextjs\node_modules\@esbuild\win32-ia32
127 silly reify mark deleted [ 'C:\\dev\\velocitymaid-nextjs\\node_modules\\@esbuild\\win32-ia32' ]
128 verbose reify failed optional dependency C:\dev\velocitymaid-nextjs\node_modules\@esbuild\win32-arm64
129 silly reify mark deleted [ 'C:\\dev\\velocitymaid-nextjs\\node_modules\\@esbuild\\win32-arm64' ]
130 verbose reify failed optional dependency C:\dev\velocitymaid-nextjs\node_modules\@esbuild\sunos-x64
131 silly reify mark deleted [ 'C:\\dev\\velocitymaid-nextjs\\node_modules\\@esbuild\\sunos-x64' ]
132 verbose reify failed optional dependency C:\dev\velocitymaid-nextjs\node_modules\@esbuild\openharmony-arm64
133 silly reify mark deleted [
133 silly reify   'C:\\dev\\velocitymaid-nextjs\\node_modules\\@esbuild\\openharmony-arm64'
133 silly reify ]
134 verbose reify failed optional dependency C:\dev\velocitymaid-nextjs\node_modules\@esbuild\openbsd-x64
135 silly reify mark deleted [ 'C:\\dev\\velocitymaid-nextjs\\node_modules\\@esbuild\\openbsd-x64' ]
136 verbose reify failed optional dependency C:\dev\velocitymaid-nextjs\node_modules\@esbuild\openbsd-arm64
137 silly reify mark deleted [
137 silly reify   'C:\\dev\\velocitymaid-nextjs\\node_modules\\@esbuild\\openbsd-arm64'
137 silly reify ]
138 verbose reify failed optional dependency C:\dev\velocitymaid-nextjs\node_modules\@esbuild\netbsd-x64
139 silly reify mark deleted [ 'C:\\dev\\velocitymaid-nextjs\\node_modules\\@esbuild\\netbsd-x64' ]
140 verbose reify failed optional dependency C:\dev\velocitymaid-nextjs\node_modules\@esbuild\netbsd-arm64
141 silly reify mark deleted [
141 silly reify   'C:\\dev\\velocitymaid-nextjs\\node_modules\\@esbuild\\netbsd-arm64'
141 silly reify ]
142 verbose reify failed optional dependency C:\dev\velocitymaid-nextjs\node_modules\@esbuild\linux-x64
143 silly reify mark deleted [ 'C:\\dev\\velocitymaid-nextjs\\node_modules\\@esbuild\\linux-x64' ]
144 verbose reify failed optional dependency C:\dev\velocitymaid-nextjs\node_modules\@esbuild\linux-s390x
145 silly reify mark deleted [ 'C:\\dev\\velocitymaid-nextjs\\node_modules\\@esbuild\\linux-s390x' ]
146 verbose reify failed optional dependency C:\dev\velocitymaid-nextjs\node_modules\@esbuild\linux-riscv64
147 silly reify mark deleted [
147 silly reify   'C:\\dev\\velocitymaid-nextjs\\node_modules\\@esbuild\\linux-riscv64'
147 silly reify ]
148 verbose reify failed optional dependency C:\dev\velocitymaid-nextjs\node_modules\@esbuild\linux-ppc64
149 silly reify mark deleted [ 'C:\\dev\\velocitymaid-nextjs\\node_modules\\@esbuild\\linux-ppc64' ]
150 verbose reify failed optional dependency C:\dev\velocitymaid-nextjs\node_modules\@esbuild\linux-mips64el
151 silly reify mark deleted [
151 silly reify   'C:\\dev\\velocitymaid-nextjs\\node_modules\\@esbuild\\linux-mips64el'
151 silly reify ]
152 verbose reify failed optional dependency C:\dev\velocitymaid-nextjs\node_modules\@esbuild\linux-loong64
153 silly reify mark deleted [
153 silly reify   'C:\\dev\\velocitymaid-nextjs\\node_modules\\@esbuild\\linux-loong64'
153 silly reify ]
154 verbose reify failed optional dependency C:\dev\velocitymaid-nextjs\node_modules\@esbuild\linux-ia32
155 silly reify mark deleted [ 'C:\\dev\\velocitymaid-nextjs\\node_modules\\@esbuild\\linux-ia32' ]
156 verbose reify failed optional dependency C:\dev\velocitymaid-nextjs\node_modules\@esbuild\linux-arm64
157 silly reify mark deleted [ 'C:\\dev\\velocitymaid-nextjs\\node_modules\\@esbuild\\linux-arm64' ]
158 verbose reify failed optional dependency C:\dev\velocitymaid-nextjs\node_modules\@esbuild\linux-arm
159 silly reify mark deleted [ 'C:\\dev\\velocitymaid-nextjs\\node_modules\\@esbuild\\linux-arm' ]
160 verbose reify failed optional dependency C:\dev\velocitymaid-nextjs\node_modules\@esbuild\freebsd-x64
161 silly reify mark deleted [ 'C:\\dev\\velocitymaid-nextjs\\node_modules\\@esbuild\\freebsd-x64' ]
162 verbose reify failed optional dependency C:\dev\velocitymaid-nextjs\node_modules\@esbuild\freebsd-arm64
163 silly reify mark deleted [
163 silly reify   'C:\\dev\\velocitymaid-nextjs\\node_modules\\@esbuild\\freebsd-arm64'
163 silly reify ]
164 verbose reify failed optional dependency C:\dev\velocitymaid-nextjs\node_modules\@esbuild\darwin-x64
165 silly reify mark deleted [ 'C:\\dev\\velocitymaid-nextjs\\node_modules\\@esbuild\\darwin-x64' ]
166 verbose reify failed optional dependency C:\dev\velocitymaid-nextjs\node_modules\@esbuild\darwin-arm64
167 silly reify mark deleted [
167 silly reify   'C:\\dev\\velocitymaid-nextjs\\node_modules\\@esbuild\\darwin-arm64'
167 silly reify ]
168 verbose reify failed optional dependency C:\dev\velocitymaid-nextjs\node_modules\@esbuild\android-x64
169 silly reify mark deleted [ 'C:\\dev\\velocitymaid-nextjs\\node_modules\\@esbuild\\android-x64' ]
170 verbose reify failed optional dependency C:\dev\velocitymaid-nextjs\node_modules\@esbuild\android-arm64
171 silly reify mark deleted [
171 silly reify   'C:\\dev\\velocitymaid-nextjs\\node_modules\\@esbuild\\android-arm64'
171 silly reify ]
172 verbose reify failed optional dependency C:\dev\velocitymaid-nextjs\node_modules\@esbuild\android-arm
173 silly reify mark deleted [ 'C:\\dev\\velocitymaid-nextjs\\node_modules\\@esbuild\\android-arm' ]
174 verbose reify failed optional dependency C:\dev\velocitymaid-nextjs\node_modules\@esbuild\aix-ppc64
175 silly reify mark deleted [ 'C:\\dev\\velocitymaid-nextjs\\node_modules\\@esbuild\\aix-ppc64' ]
176 http cache @tybys/wasm-util@https://registry.npmjs.org/@tybys/wasm-util/-/wasm-util-0.10.1.tgz 0ms (cache hit)
177 http cache @emnapi/runtime@https://registry.npmjs.org/@emnapi/runtime/-/runtime-1.7.1.tgz 0ms (cache hit)
178 http cache @emnapi/wasi-threads@https://registry.npmjs.org/@emnapi/wasi-threads/-/wasi-threads-1.1.0.tgz 0ms (cache hit)
179 silly tarball no local data for @tybys/wasm-util@https://registry.npmjs.org/@tybys/wasm-util/-/wasm-util-0.10.1.tgz. Extracting by manifest.
180 http cache @emnapi/core@https://registry.npmjs.org/@emnapi/core/-/core-1.7.1.tgz 0ms (cache hit)
181 silly tarball no local data for @emnapi/runtime@https://registry.npmjs.org/@emnapi/runtime/-/runtime-1.7.1.tgz. Extracting by manifest.
182 silly tarball no local data for @emnapi/wasi-threads@https://registry.npmjs.org/@emnapi/wasi-threads/-/wasi-threads-1.1.0.tgz. Extracting by manifest.
183 http cache @napi-rs/wasm-runtime@https://registry.npmjs.org/@napi-rs/wasm-runtime/-/wasm-runtime-0.2.12.tgz 0ms (cache hit)
184 http cache bcryptjs@https://registry.npmjs.org/bcryptjs/-/bcryptjs-3.0.3.tgz 0ms (cache hit)
185 silly tarball no local data for @emnapi/core@https://registry.npmjs.org/@emnapi/core/-/core-1.7.1.tgz. Extracting by manifest.
186 silly tarball no local data for @napi-rs/wasm-runtime@https://registry.npmjs.org/@napi-rs/wasm-runtime/-/wasm-runtime-0.2.12.tgz. Extracting by manifest.
187 silly tarball no local data for bcryptjs@https://registry.npmjs.org/bcryptjs/-/bcryptjs-3.0.3.tgz. Extracting by manifest.
188 http fetch GET 200 https://registry.npmjs.org/bcryptjs/-/bcryptjs-3.0.3.tgz 237ms (cache miss)
189 http fetch GET 200 https://registry.npmjs.org/@emnapi/wasi-threads/-/wasi-threads-1.1.0.tgz 302ms (cache miss)
190 http fetch GET 200 https://registry.npmjs.org/@emnapi/runtime/-/runtime-1.7.1.tgz 326ms (cache miss)
191 http fetch GET 200 https://registry.npmjs.org/@emnapi/core/-/core-1.7.1.tgz 506ms (cache miss)
192 http fetch GET 200 https://registry.npmjs.org/@tybys/wasm-util/-/wasm-util-0.10.1.tgz 625ms (cache miss)
193 http fetch GET 200 https://registry.npmjs.org/@napi-rs/wasm-runtime/-/wasm-runtime-0.2.12.tgz 831ms (cache miss)
194 silly ADD node_modules/bcryptjs
195 silly ADD
196 silly ADD
197 silly ADD
198 silly ADD
199 silly ADD
200 silly ADD
201 silly ADD
202 silly ADD
203 silly ADD
204 silly ADD
205 silly ADD
206 silly ADD
207 silly ADD
208 silly ADD
209 silly ADD
210 silly ADD
211 silly ADD
212 silly ADD
213 silly ADD
214 silly ADD
215 silly ADD
216 silly ADD
217 silly ADD
218 silly ADD
219 silly ADD
220 silly ADD
221 silly ADD
222 silly ADD
223 silly ADD
224 silly ADD
225 silly ADD
226 silly ADD
227 silly ADD
228 silly ADD
229 silly ADD
230 silly ADD
231 silly ADD
232 silly ADD
233 silly ADD
234 silly ADD
235 silly ADD
236 silly ADD
237 silly ADD
238 silly ADD
239 silly ADD
240 silly ADD
241 silly ADD
242 silly ADD
243 silly ADD
244 silly ADD
245 silly ADD
246 silly ADD
247 silly ADD
248 silly ADD
249 silly ADD
250 silly ADD
251 silly ADD
252 silly ADD
253 silly ADD
254 silly ADD
255 silly ADD
256 silly ADD
257 silly ADD
258 silly ADD
259 silly ADD
260 silly ADD
261 silly ADD
262 silly ADD
263 silly ADD
264 silly ADD
265 silly ADD
266 silly ADD
267 silly ADD
268 silly ADD
269 silly ADD
270 silly ADD
271 silly ADD
272 verbose cwd C:\dev\velocitymaid-nextjs
273 verbose os Windows_NT 10.0.26200
274 verbose node v23.6.1
275 verbose npm  v10.9.2
276 verbose exit 0
277 info ok
