0 verbose cli C:\Program Files\nodejs\node.exe C:\Program Files\nodejs\node_modules\npm\bin\npm-cli.js
1 info using npm@10.9.2
2 info using node@v23.6.1
3 silly config load:file:C:\Program Files\nodejs\node_modules\npm\npmrc
4 silly config load:file:C:\dev\velocitymaid-nextjs\.npmrc
5 silly config load:file:C:\Users\18023\.npmrc
6 silly config load:file:C:\Users\18023\AppData\Roaming\npm\etc\npmrc
7 verbose title npm exec tsx scripts/migrate-legacy-users.ts
8 verbose argv "exec" "--" "tsx" "scripts/migrate-legacy-users.ts"
9 verbose logfile logs-max:10 dir:C:\dev\velocitymaid-nextjs\%AppData%\npm-cache\_logs\2026-01-06T12_59_09_904Z-
10 verbose logfile C:\dev\velocitymaid-nextjs\%AppData%\npm-cache\_logs\2026-01-06T12_59_09_904Z-debug-0.log
11 silly logfile start cleaning logs, removing 1 files
12 silly logfile done cleaning log files
13 silly packumentCache heap:4345298944 maxSize:1086324736 maxEntrySize:543162368
14 verbose shrinkwrap failed to load node_modules/.package-lock.json out of date, updated: node_modules
15 http fetch GET 200 https://registry.npmjs.org/tsx 271ms (cache miss)
16 silly packumentCache heap:4345298944 maxSize:1086324736 maxEntrySize:543162368
17 silly packumentCache heap:4345298944 maxSize:1086324736 maxEntrySize:543162368
18 silly idealTree buildDeps
19 silly fetch manifest tsx@4.21.0
20 silly packumentCache full:https://registry.npmjs.org/tsx cache-miss
21 http fetch GET 200 https://registry.npmjs.org/tsx 55ms (cache miss)
22 silly packumentCache full:https://registry.npmjs.org/tsx set size:undefined disposed:false
23 silly placeDep ROOT tsx@4.21.0 OK for:  want: 4.21.0
24 silly fetch manifest esbuild@~0.27.0
25 silly packumentCache full:https://registry.npmjs.org/esbuild cache-miss
26 silly fetch manifest get-tsconfig@^4.7.5
27 silly packumentCache full:https://registry.npmjs.org/get-tsconfig cache-miss
28 silly fetch manifest fsevents@~2.3.3
29 silly packumentCache full:https://registry.npmjs.org/fsevents cache-miss
30 http fetch GET 200 https://registry.npmjs.org/get-tsconfig 178ms (cache miss)
31 silly packumentCache full:https://registry.npmjs.org/get-tsconfig set size:undefined disposed:false
32 http fetch GET 200 https://registry.npmjs.org/fsevents 186ms (cache miss)
33 silly packumentCache full:https://registry.npmjs.org/fsevents set size:undefined disposed:false
34 http fetch GET 200 https://registry.npmjs.org/esbuild 197ms (cache miss)
35 silly packumentCache full:https://registry.npmjs.org/esbuild set size:undefined disposed:false
36 silly placeDep ROOT esbuild@0.27.2 OK for: tsx@4.21.0 want: ~0.27.0
37 silly placeDep ROOT fsevents@2.3.3 OK for: tsx@4.21.0 want: ~2.3.3
38 silly placeDep ROOT get-tsconfig@4.13.0 OK for: tsx@4.21.0 want: ^4.7.5
39 silly fetch manifest @esbuild/aix-ppc64@0.27.2
40 silly packumentCache full:https://registry.npmjs.org/@esbuild%2faix-ppc64 cache-miss
41 silly fetch manifest @esbuild/android-arm@0.27.2
42 silly packumentCache full:https://registry.npmjs.org/@esbuild%2fandroid-arm cache-miss
43 silly fetch manifest @esbuild/android-arm64@0.27.2
44 silly packumentCache full:https://registry.npmjs.org/@esbuild%2fandroid-arm64 cache-miss
45 silly fetch manifest @esbuild/android-x64@0.27.2
46 silly packumentCache full:https://registry.npmjs.org/@esbuild%2fandroid-x64 cache-miss
47 silly fetch manifest @esbuild/darwin-arm64@0.27.2
48 silly packumentCache full:https://registry.npmjs.org/@esbuild%2fdarwin-arm64 cache-miss
49 silly fetch manifest @esbuild/darwin-x64@0.27.2
50 silly packumentCache full:https://registry.npmjs.org/@esbuild%2fdarwin-x64 cache-miss
51 silly fetch manifest @esbuild/freebsd-arm64@0.27.2
52 silly packumentCache full:https://registry.npmjs.org/@esbuild%2ffreebsd-arm64 cache-miss
53 http fetch GET 200 https://registry.npmjs.org/@esbuild%2faix-ppc64 117ms (cache miss)
54 silly packumentCache full:https://registry.npmjs.org/@esbuild%2faix-ppc64 set size:undefined disposed:false
55 silly fetch manifest @esbuild/freebsd-x64@0.27.2
56 silly packumentCache full:https://registry.npmjs.org/@esbuild%2ffreebsd-x64 cache-miss
57 http fetch GET 200 https://registry.npmjs.org/@esbuild%2fandroid-arm 145ms (cache miss)
58 silly packumentCache full:https://registry.npmjs.org/@esbuild%2fandroid-arm set size:undefined disposed:false
59 silly fetch manifest @esbuild/linux-arm@0.27.2
60 silly packumentCache full:https://registry.npmjs.org/@esbuild%2flinux-arm cache-miss
61 http fetch GET 200 https://registry.npmjs.org/@esbuild%2fandroid-arm64 196ms (cache miss)
62 silly packumentCache full:https://registry.npmjs.org/@esbuild%2fandroid-arm64 set size:undefined disposed:false
63 silly fetch manifest @esbuild/linux-arm64@0.27.2
64 silly packumentCache full:https://registry.npmjs.org/@esbuild%2flinux-arm64 cache-miss
65 http fetch GET 200 https://registry.npmjs.org/@esbuild%2fdarwin-arm64 200ms (cache miss)
66 silly packumentCache full:https://registry.npmjs.org/@esbuild%2fdarwin-arm64 set size:undefined disposed:false
67 silly fetch manifest @esbuild/linux-ia32@0.27.2
68 silly packumentCache full:https://registry.npmjs.org/@esbuild%2flinux-ia32 cache-miss
69 http fetch GET 200 https://registry.npmjs.org/@esbuild%2ffreebsd-x64 84ms (cache miss)
70 silly packumentCache full:https://registry.npmjs.org/@esbuild%2ffreebsd-x64 set size:undefined disposed:false
71 silly fetch manifest @esbuild/linux-loong64@0.27.2
72 silly packumentCache full:https://registry.npmjs.org/@esbuild%2flinux-loong64 cache-miss
73 http fetch GET 200 https://registry.npmjs.org/@esbuild%2fandroid-x64 289ms (cache miss)
74 silly packumentCache full:https://registry.npmjs.org/@esbuild%2fandroid-x64 set size:undefined disposed:false
75 silly fetch manifest @esbuild/linux-mips64el@0.27.2
76 silly packumentCache full:https://registry.npmjs.org/@esbuild%2flinux-mips64el cache-miss
77 http fetch GET 200 https://registry.npmjs.org/@esbuild%2fdarwin-x64 298ms (cache miss)
78 silly packumentCache full:https://registry.npmjs.org/@esbuild%2fdarwin-x64 set size:undefined disposed:false
79 silly fetch manifest @esbuild/linux-ppc64@0.27.2
80 silly packumentCache full:https://registry.npmjs.org/@esbuild%2flinux-ppc64 cache-miss
81 http fetch GET 200 https://registry.npmjs.org/@esbuild%2flinux-ppc64 78ms (cache miss)
82 silly packumentCache full:https://registry.npmjs.org/@esbuild%2flinux-ppc64 set size:undefined disposed:false
83 silly fetch manifest @esbuild/linux-riscv64@0.27.2
84 silly packumentCache full:https://registry.npmjs.org/@esbuild%2flinux-riscv64 cache-miss
85 http fetch GET 200 https://registry.npmjs.org/@esbuild%2flinux-riscv64 65ms (cache miss)
86 silly packumentCache full:https://registry.npmjs.org/@esbuild%2flinux-riscv64 set size:undefined disposed:false
87 silly fetch manifest @esbuild/linux-s390x@0.27.2
88 silly packumentCache full:https://registry.npmjs.org/@esbuild%2flinux-s390x cache-miss
89 http fetch GET 200 https://registry.npmjs.org/@esbuild%2flinux-ia32 301ms (cache miss)
90 silly packumentCache full:https://registry.npmjs.org/@esbuild%2flinux-ia32 set size:undefined disposed:false
91 silly fetch manifest @esbuild/linux-x64@0.27.2
92 silly packumentCache full:https://registry.npmjs.org/@esbuild%2flinux-x64 cache-miss
93 http fetch GET 200 https://registry.npmjs.org/@esbuild%2flinux-arm 387ms (cache miss)
94 silly packumentCache full:https://registry.npmjs.org/@esbuild%2flinux-arm set size:undefined disposed:false
95 silly fetch manifest @esbuild/netbsd-arm64@0.27.2
96 silly packumentCache full:https://registry.npmjs.org/@esbuild%2fnetbsd-arm64 cache-miss
97 http fetch GET 200 https://registry.npmjs.org/@esbuild%2flinux-s390x 89ms (cache miss)
98 silly packumentCache full:https://registry.npmjs.org/@esbuild%2flinux-s390x set size:undefined disposed:false
99 silly fetch manifest @esbuild/netbsd-x64@0.27.2
100 silly packumentCache full:https://registry.npmjs.org/@esbuild%2fnetbsd-x64 cache-miss
101 http fetch GET 200 https://registry.npmjs.org/@esbuild%2ffreebsd-arm64 574ms (cache miss)
102 silly packumentCache full:https://registry.npmjs.org/@esbuild%2ffreebsd-arm64 set size:undefined disposed:false
103 silly fetch manifest @esbuild/openbsd-arm64@0.27.2
104 silly packumentCache full:https://registry.npmjs.org/@esbuild%2fopenbsd-arm64 cache-miss
105 http fetch GET 200 https://registry.npmjs.org/@esbuild%2flinux-x64 74ms (cache miss)
106 silly packumentCache full:https://registry.npmjs.org/@esbuild%2flinux-x64 set size:undefined disposed:false
107 silly fetch manifest @esbuild/openbsd-x64@0.27.2
108 silly packumentCache full:https://registry.npmjs.org/@esbuild%2fopenbsd-x64 cache-miss
109 http fetch GET 200 https://registry.npmjs.org/@esbuild%2fnetbsd-arm64 63ms (cache miss)
110 silly packumentCache full:https://registry.npmjs.org/@esbuild%2fnetbsd-arm64 set size:undefined disposed:false
111 silly fetch manifest @esbuild/openharmony-arm64@0.27.2
112 silly packumentCache full:https://registry.npmjs.org/@esbuild%2fopenharmony-arm64 cache-miss
113 http fetch GET 200 https://registry.npmjs.org/@esbuild%2flinux-arm64 410ms (cache miss)
114 silly packumentCache full:https://registry.npmjs.org/@esbuild%2flinux-arm64 set size:undefined disposed:false
115 silly fetch manifest @esbuild/sunos-x64@0.27.2
116 silly packumentCache full:https://registry.npmjs.org/@esbuild%2fsunos-x64 cache-miss
117 http fetch GET 200 https://registry.npmjs.org/@esbuild%2fopenharmony-arm64 69ms (cache miss)
118 silly packumentCache full:https://registry.npmjs.org/@esbuild%2fopenharmony-arm64 set size:undefined disposed:false
119 silly fetch manifest @esbuild/win32-arm64@0.27.2
120 silly packumentCache full:https://registry.npmjs.org/@esbuild%2fwin32-arm64 cache-miss
121 http fetch GET 200 https://registry.npmjs.org/@esbuild%2fsunos-x64 100ms (cache miss)
122 silly packumentCache full:https://registry.npmjs.org/@esbuild%2fsunos-x64 set size:undefined disposed:false
123 silly fetch manifest @esbuild/win32-ia32@0.27.2
124 silly packumentCache full:https://registry.npmjs.org/@esbuild%2fwin32-ia32 cache-miss
125 http fetch GET 200 https://registry.npmjs.org/@esbuild%2fnetbsd-x64 187ms (cache miss)
126 silly packumentCache full:https://registry.npmjs.org/@esbuild%2fnetbsd-x64 set size:undefined disposed:false
127 silly fetch manifest @esbuild/win32-x64@0.27.2
128 silly packumentCache full:https://registry.npmjs.org/@esbuild%2fwin32-x64 cache-miss
129 http fetch GET 200 https://registry.npmjs.org/@esbuild%2fopenbsd-x64 156ms (cache miss)
130 silly packumentCache full:https://registry.npmjs.org/@esbuild%2fopenbsd-x64 set size:undefined disposed:false
131 silly fetch manifest resolve-pkg-maps@^1.0.0
132 silly packumentCache full:https://registry.npmjs.org/resolve-pkg-maps cache-miss
133 http fetch GET 200 https://registry.npmjs.org/@esbuild%2fwin32-arm64 74ms (cache miss)
134 silly packumentCache full:https://registry.npmjs.org/@esbuild%2fwin32-arm64 set size:undefined disposed:false
135 http fetch GET 200 https://registry.npmjs.org/@esbuild%2flinux-mips64el 457ms (cache miss)
136 silly packumentCache full:https://registry.npmjs.org/@esbuild%2flinux-mips64el set size:undefined disposed:false
137 http fetch GET 200 https://registry.npmjs.org/resolve-pkg-maps 56ms (cache miss)
138 silly packumentCache full:https://registry.npmjs.org/resolve-pkg-maps set size:undefined disposed:false
139 http fetch GET 200 https://registry.npmjs.org/@esbuild%2flinux-loong64 679ms (cache miss)
140 silly packumentCache full:https://registry.npmjs.org/@esbuild%2flinux-loong64 set size:undefined disposed:false
141 http fetch GET 200 https://registry.npmjs.org/@esbuild%2fwin32-ia32 252ms (cache miss)
142 silly packumentCache full:https://registry.npmjs.org/@esbuild%2fwin32-ia32 set size:undefined disposed:false
143 http fetch GET 200 https://registry.npmjs.org/@esbuild%2fwin32-x64 351ms (cache miss)
144 silly packumentCache full:https://registry.npmjs.org/@esbuild%2fwin32-x64 set size:undefined disposed:false
145 http fetch GET 200 https://registry.npmjs.org/@esbuild%2fopenbsd-arm64 650ms (cache miss)
146 silly packumentCache full:https://registry.npmjs.org/@esbuild%2fopenbsd-arm64 set size:undefined disposed:false
147 silly placeDep ROOT @esbuild/aix-ppc64@0.27.2 OK for: esbuild@0.27.2 want: 0.27.2
148 silly placeDep ROOT @esbuild/android-arm@0.27.2 OK for: esbuild@0.27.2 want: 0.27.2
149 silly placeDep ROOT @esbuild/android-arm64@0.27.2 OK for: esbuild@0.27.2 want: 0.27.2
150 silly placeDep ROOT @esbuild/android-x64@0.27.2 OK for: esbuild@0.27.2 want: 0.27.2
151 silly placeDep ROOT @esbuild/darwin-arm64@0.27.2 OK for: esbuild@0.27.2 want: 0.27.2
152 silly placeDep ROOT @esbuild/darwin-x64@0.27.2 OK for: esbuild@0.27.2 want: 0.27.2
153 silly placeDep ROOT @esbuild/freebsd-arm64@0.27.2 OK for: esbuild@0.27.2 want: 0.27.2
154 silly placeDep ROOT @esbuild/freebsd-x64@0.27.2 OK for: esbuild@0.27.2 want: 0.27.2
155 silly placeDep ROOT @esbuild/linux-arm@0.27.2 OK for: esbuild@0.27.2 want: 0.27.2
156 silly placeDep ROOT @esbuild/linux-arm64@0.27.2 OK for: esbuild@0.27.2 want: 0.27.2
157 silly placeDep ROOT @esbuild/linux-ia32@0.27.2 OK for: esbuild@0.27.2 want: 0.27.2
158 silly placeDep ROOT @esbuild/linux-loong64@0.27.2 OK for: esbuild@0.27.2 want: 0.27.2
159 silly placeDep ROOT @esbuild/linux-mips64el@0.27.2 OK for: esbuild@0.27.2 want: 0.27.2
160 silly placeDep ROOT @esbuild/linux-ppc64@0.27.2 OK for: esbuild@0.27.2 want: 0.27.2
161 silly placeDep ROOT @esbuild/linux-riscv64@0.27.2 OK for: esbuild@0.27.2 want: 0.27.2
162 silly placeDep ROOT @esbuild/linux-s390x@0.27.2 OK for: esbuild@0.27.2 want: 0.27.2
163 silly placeDep ROOT @esbuild/linux-x64@0.27.2 OK for: esbuild@0.27.2 want: 0.27.2
164 silly placeDep ROOT @esbuild/netbsd-arm64@0.27.2 OK for: esbuild@0.27.2 want: 0.27.2
165 silly placeDep ROOT @esbuild/netbsd-x64@0.27.2 OK for: esbuild@0.27.2 want: 0.27.2
166 silly placeDep ROOT @esbuild/openbsd-arm64@0.27.2 OK for: esbuild@0.27.2 want: 0.27.2
167 silly placeDep ROOT @esbuild/openbsd-x64@0.27.2 OK for: esbuild@0.27.2 want: 0.27.2
168 silly placeDep ROOT @esbuild/openharmony-arm64@0.27.2 OK for: esbuild@0.27.2 want: 0.27.2
169 silly placeDep ROOT @esbuild/sunos-x64@0.27.2 OK for: esbuild@0.27.2 want: 0.27.2
170 silly placeDep ROOT @esbuild/win32-arm64@0.27.2 OK for: esbuild@0.27.2 want: 0.27.2
171 silly placeDep ROOT @esbuild/win32-ia32@0.27.2 OK for: esbuild@0.27.2 want: 0.27.2
172 silly placeDep ROOT @esbuild/win32-x64@0.27.2 OK for: esbuild@0.27.2 want: 0.27.2
173 silly placeDep ROOT resolve-pkg-maps@1.0.0 OK for: get-tsconfig@4.13.0 want: ^1.0.0
174 silly reify moves {}
175 verbose reify failed optional dependency C:\dev\velocitymaid-nextjs\%AppData%\npm-cache\_npx\fd45a72a545557e9\node_modules\@esbuild\win32-ia32
176 silly reify mark deleted [
176 silly reify   'C:\\dev\\velocitymaid-nextjs\\%AppData%\\npm-cache\\_npx\\fd45a72a545557e9\\node_modules\\@esbuild\\win32-ia32'
176 silly reify ]
177 verbose reify failed optional dependency C:\dev\velocitymaid-nextjs\%AppData%\npm-cache\_npx\fd45a72a545557e9\node_modules\@esbuild\win32-arm64
178 silly reify mark deleted [
178 silly reify   'C:\\dev\\velocitymaid-nextjs\\%AppData%\\npm-cache\\_npx\\fd45a72a545557e9\\node_modules\\@esbuild\\win32-arm64'
178 silly reify ]
179 verbose reify failed optional dependency C:\dev\velocitymaid-nextjs\%AppData%\npm-cache\_npx\fd45a72a545557e9\node_modules\@esbuild\sunos-x64
180 silly reify mark deleted [
180 silly reify   'C:\\dev\\velocitymaid-nextjs\\%AppData%\\npm-cache\\_npx\\fd45a72a545557e9\\node_modules\\@esbuild\\sunos-x64'
180 silly reify ]
181 verbose reify failed optional dependency C:\dev\velocitymaid-nextjs\%AppData%\npm-cache\_npx\fd45a72a545557e9\node_modules\@esbuild\openharmony-arm64
182 silly reify mark deleted [
182 silly reify   'C:\\dev\\velocitymaid-nextjs\\%AppData%\\npm-cache\\_npx\\fd45a72a545557e9\\node_modules\\@esbuild\\openharmony-arm64'
182 silly reify ]
183 verbose reify failed optional dependency C:\dev\velocitymaid-nextjs\%AppData%\npm-cache\_npx\fd45a72a545557e9\node_modules\@esbuild\openbsd-x64
184 silly reify mark deleted [
184 silly reify   'C:\\dev\\velocitymaid-nextjs\\%AppData%\\npm-cache\\_npx\\fd45a72a545557e9\\node_modules\\@esbuild\\openbsd-x64'
184 silly reify ]
185 verbose reify failed optional dependency C:\dev\velocitymaid-nextjs\%AppData%\npm-cache\_npx\fd45a72a545557e9\node_modules\@esbuild\openbsd-arm64
186 silly reify mark deleted [
186 silly reify   'C:\\dev\\velocitymaid-nextjs\\%AppData%\\npm-cache\\_npx\\fd45a72a545557e9\\node_modules\\@esbuild\\openbsd-arm64'
186 silly reify ]
187 verbose reify failed optional dependency C:\dev\velocitymaid-nextjs\%AppData%\npm-cache\_npx\fd45a72a545557e9\node_modules\@esbuild\netbsd-x64
188 silly reify mark deleted [
188 silly reify   'C:\\dev\\velocitymaid-nextjs\\%AppData%\\npm-cache\\_npx\\fd45a72a545557e9\\node_modules\\@esbuild\\netbsd-x64'
188 silly reify ]
189 verbose reify failed optional dependency C:\dev\velocitymaid-nextjs\%AppData%\npm-cache\_npx\fd45a72a545557e9\node_modules\@esbuild\netbsd-arm64
190 silly reify mark deleted [
190 silly reify   'C:\\dev\\velocitymaid-nextjs\\%AppData%\\npm-cache\\_npx\\fd45a72a545557e9\\node_modules\\@esbuild\\netbsd-arm64'
190 silly reify ]
191 verbose reify failed optional dependency C:\dev\velocitymaid-nextjs\%AppData%\npm-cache\_npx\fd45a72a545557e9\node_modules\@esbuild\linux-x64
192 silly reify mark deleted [
192 silly reify   'C:\\dev\\velocitymaid-nextjs\\%AppData%\\npm-cache\\_npx\\fd45a72a545557e9\\node_modules\\@esbuild\\linux-x64'
192 silly reify ]
193 verbose reify failed optional dependency C:\dev\velocitymaid-nextjs\%AppData%\npm-cache\_npx\fd45a72a545557e9\node_modules\@esbuild\linux-s390x
194 silly reify mark deleted [
194 silly reify   'C:\\dev\\velocitymaid-nextjs\\%AppData%\\npm-cache\\_npx\\fd45a72a545557e9\\node_modules\\@esbuild\\linux-s390x'
194 silly reify ]
195 verbose reify failed optional dependency C:\dev\velocitymaid-nextjs\%AppData%\npm-cache\_npx\fd45a72a545557e9\node_modules\@esbuild\linux-riscv64
196 silly reify mark deleted [
196 silly reify   'C:\\dev\\velocitymaid-nextjs\\%AppData%\\npm-cache\\_npx\\fd45a72a545557e9\\node_modules\\@esbuild\\linux-riscv64'
196 silly reify ]
197 verbose reify failed optional dependency C:\dev\velocitymaid-nextjs\%AppData%\npm-cache\_npx\fd45a72a545557e9\node_modules\@esbuild\linux-ppc64
198 silly reify mark deleted [
198 silly reify   'C:\\dev\\velocitymaid-nextjs\\%AppData%\\npm-cache\\_npx\\fd45a72a545557e9\\node_modules\\@esbuild\\linux-ppc64'
198 silly reify ]
199 verbose reify failed optional dependency C:\dev\velocitymaid-nextjs\%AppData%\npm-cache\_npx\fd45a72a545557e9\node_modules\@esbuild\linux-mips64el
200 silly reify mark deleted [
200 silly reify   'C:\\dev\\velocitymaid-nextjs\\%AppData%\\npm-cache\\_npx\\fd45a72a545557e9\\node_modules\\@esbuild\\linux-mips64el'
200 silly reify ]
201 verbose reify failed optional dependency C:\dev\velocitymaid-nextjs\%AppData%\npm-cache\_npx\fd45a72a545557e9\node_modules\@esbuild\linux-loong64
202 silly reify mark deleted [
202 silly reify   'C:\\dev\\velocitymaid-nextjs\\%AppData%\\npm-cache\\_npx\\fd45a72a545557e9\\node_modules\\@esbuild\\linux-loong64'
202 silly reify ]
203 verbose reify failed optional dependency C:\dev\velocitymaid-nextjs\%AppData%\npm-cache\_npx\fd45a72a545557e9\node_modules\@esbuild\linux-ia32
204 silly reify mark deleted [
204 silly reify   'C:\\dev\\velocitymaid-nextjs\\%AppData%\\npm-cache\\_npx\\fd45a72a545557e9\\node_modules\\@esbuild\\linux-ia32'
204 silly reify ]
205 verbose reify failed optional dependency C:\dev\velocitymaid-nextjs\%AppData%\npm-cache\_npx\fd45a72a545557e9\node_modules\@esbuild\linux-arm64
206 silly reify mark deleted [
206 silly reify   'C:\\dev\\velocitymaid-nextjs\\%AppData%\\npm-cache\\_npx\\fd45a72a545557e9\\node_modules\\@esbuild\\linux-arm64'
206 silly reify ]
207 verbose reify failed optional dependency C:\dev\velocitymaid-nextjs\%AppData%\npm-cache\_npx\fd45a72a545557e9\node_modules\@esbuild\linux-arm
208 silly reify mark deleted [
208 silly reify   'C:\\dev\\velocitymaid-nextjs\\%AppData%\\npm-cache\\_npx\\fd45a72a545557e9\\node_modules\\@esbuild\\linux-arm'
208 silly reify ]
209 verbose reify failed optional dependency C:\dev\velocitymaid-nextjs\%AppData%\npm-cache\_npx\fd45a72a545557e9\node_modules\@esbuild\freebsd-x64
210 silly reify mark deleted [
210 silly reify   'C:\\dev\\velocitymaid-nextjs\\%AppData%\\npm-cache\\_npx\\fd45a72a545557e9\\node_modules\\@esbuild\\freebsd-x64'
210 silly reify ]
211 verbose reify failed optional dependency C:\dev\velocitymaid-nextjs\%AppData%\npm-cache\_npx\fd45a72a545557e9\node_modules\@esbuild\freebsd-arm64
212 silly reify mark deleted [
212 silly reify   'C:\\dev\\velocitymaid-nextjs\\%AppData%\\npm-cache\\_npx\\fd45a72a545557e9\\node_modules\\@esbuild\\freebsd-arm64'
212 silly reify ]
213 verbose reify failed optional dependency C:\dev\velocitymaid-nextjs\%AppData%\npm-cache\_npx\fd45a72a545557e9\node_modules\@esbuild\darwin-x64
214 silly reify mark deleted [
214 silly reify   'C:\\dev\\velocitymaid-nextjs\\%AppData%\\npm-cache\\_npx\\fd45a72a545557e9\\node_modules\\@esbuild\\darwin-x64'
214 silly reify ]
215 verbose reify failed optional dependency C:\dev\velocitymaid-nextjs\%AppData%\npm-cache\_npx\fd45a72a545557e9\node_modules\@esbuild\darwin-arm64
216 silly reify mark deleted [
216 silly reify   'C:\\dev\\velocitymaid-nextjs\\%AppData%\\npm-cache\\_npx\\fd45a72a545557e9\\node_modules\\@esbuild\\darwin-arm64'
216 silly reify ]
217 verbose reify failed optional dependency C:\dev\velocitymaid-nextjs\%AppData%\npm-cache\_npx\fd45a72a545557e9\node_modules\@esbuild\android-x64
218 silly reify mark deleted [
218 silly reify   'C:\\dev\\velocitymaid-nextjs\\%AppData%\\npm-cache\\_npx\\fd45a72a545557e9\\node_modules\\@esbuild\\android-x64'
218 silly reify ]
219 verbose reify failed optional dependency C:\dev\velocitymaid-nextjs\%AppData%\npm-cache\_npx\fd45a72a545557e9\node_modules\@esbuild\android-arm64
220 silly reify mark deleted [
220 silly reify   'C:\\dev\\velocitymaid-nextjs\\%AppData%\\npm-cache\\_npx\\fd45a72a545557e9\\node_modules\\@esbuild\\android-arm64'
220 silly reify ]
221 verbose reify failed optional dependency C:\dev\velocitymaid-nextjs\%AppData%\npm-cache\_npx\fd45a72a545557e9\node_modules\@esbuild\android-arm
222 silly reify mark deleted [
222 silly reify   'C:\\dev\\velocitymaid-nextjs\\%AppData%\\npm-cache\\_npx\\fd45a72a545557e9\\node_modules\\@esbuild\\android-arm'
222 silly reify ]
223 verbose reify failed optional dependency C:\dev\velocitymaid-nextjs\%AppData%\npm-cache\_npx\fd45a72a545557e9\node_modules\@esbuild\aix-ppc64
224 silly reify mark deleted [
224 silly reify   'C:\\dev\\velocitymaid-nextjs\\%AppData%\\npm-cache\\_npx\\fd45a72a545557e9\\node_modules\\@esbuild\\aix-ppc64'
224 silly reify ]
225 verbose reify failed optional dependency C:\dev\velocitymaid-nextjs\%AppData%\npm-cache\_npx\fd45a72a545557e9\node_modules\fsevents
226 silly reify mark deleted [
226 silly reify   'C:\\dev\\velocitymaid-nextjs\\%AppData%\\npm-cache\\_npx\\fd45a72a545557e9\\node_modules\\fsevents'
226 silly reify ]
227 http cache @esbuild/win32-x64@https://registry.npmjs.org/@esbuild/win32-x64/-/win32-x64-0.27.2.tgz 0ms (cache hit)
228 http cache resolve-pkg-maps@https://registry.npmjs.org/resolve-pkg-maps/-/resolve-pkg-maps-1.0.0.tgz 0ms (cache hit)
229 silly tarball no local data for @esbuild/win32-x64@https://registry.npmjs.org/@esbuild/win32-x64/-/win32-x64-0.27.2.tgz. Extracting by manifest.
230 silly tarball no local data for resolve-pkg-maps@https://registry.npmjs.org/resolve-pkg-maps/-/resolve-pkg-maps-1.0.0.tgz. Extracting by manifest.
231 http cache get-tsconfig@https://registry.npmjs.org/get-tsconfig/-/get-tsconfig-4.13.0.tgz 0ms (cache hit)
232 http cache esbuild@https://registry.npmjs.org/esbuild/-/esbuild-0.27.2.tgz 0ms (cache hit)
233 http cache tsx@https://registry.npmjs.org/tsx/-/tsx-4.21.0.tgz 0ms (cache hit)
234 silly tarball no local data for get-tsconfig@https://registry.npmjs.org/get-tsconfig/-/get-tsconfig-4.13.0.tgz. Extracting by manifest.
235 silly tarball no local data for esbuild@https://registry.npmjs.org/esbuild/-/esbuild-0.27.2.tgz. Extracting by manifest.
236 silly tarball no local data for tsx@https://registry.npmjs.org/tsx/-/tsx-4.21.0.tgz. Extracting by manifest.
237 http fetch GET 200 https://registry.npmjs.org/resolve-pkg-maps/-/resolve-pkg-maps-1.0.0.tgz 112ms (cache miss)
238 http fetch GET 200 https://registry.npmjs.org/get-tsconfig/-/get-tsconfig-4.13.0.tgz 117ms (cache miss)
239 http fetch GET 200 https://registry.npmjs.org/esbuild/-/esbuild-0.27.2.tgz 119ms (cache miss)
240 http fetch GET 200 https://registry.npmjs.org/tsx/-/tsx-4.21.0.tgz 201ms (cache miss)
241 http fetch GET 200 https://registry.npmjs.org/@esbuild/win32-x64/-/win32-x64-0.27.2.tgz 325ms (cache miss)
242 info run esbuild@0.27.2 postinstall node_modules/esbuild node install.js
243 info run esbuild@0.27.2 postinstall { code: 0, signal: null }
244 verbose cwd C:\dev\velocitymaid-nextjs
245 verbose os Windows_NT 10.0.26200
246 verbose node v23.6.1
247 verbose npm  v10.9.2
248 verbose exit 0
249 info ok
